###############################################################################
#                                                                             #
# IAR ELF Linker V1.30.1.50036 for STM8                 03/Feb/2015  08:22:57 #
# Copyright 2010-2011 IAR Systems AB.                                         #
#                                                                             #
#    Output file  =  D:\Project\STM8S_StdPeriph_Lib_V2.1.0\Project\STM8S_StdP #
#                    eriph_Template\EWSTM8\STM8S208\Exe\Project.out           #
#    Map file     =  D:\Project\STM8S_StdPeriph_Lib_V2.1.0\Project\STM8S_StdP #
#                    eriph_Template\EWSTM8\STM8S208\List\Project.map          #
#    Command line =  D:\Project\STM8S_StdPeriph_Lib_V2.1.0\Project\STM8S_StdP #
#                    eriph_Template\EWSTM8\STM8S208\Obj\main.o                #
#                    "D:\Project\STM8S_StdPeriph_Lib_V2.1.0\Project\STM8S_Std #
#                    Periph_Template\EWSTM8\STM8S208\Obj\stm8s_adc1 -         #
#                    Copy.o" D:\Project\STM8S_StdPeriph_Lib_V2.1.0\Project\ST #
#                    M8S_StdPeriph_Template\EWSTM8\STM8S208\Obj\stm8s_awu.o   #
#                    D:\Project\STM8S_StdPeriph_Lib_V2.1.0\Project\STM8S_StdP #
#                    eriph_Template\EWSTM8\STM8S208\Obj\stm8s_beep.o          #
#                    D:\Project\STM8S_StdPeriph_Lib_V2.1.0\Project\STM8S_StdP #
#                    eriph_Template\EWSTM8\STM8S208\Obj\stm8s_clk.o           #
#                    D:\Project\STM8S_StdPeriph_Lib_V2.1.0\Project\STM8S_StdP #
#                    eriph_Template\EWSTM8\STM8S208\Obj\stm8s_exti.o          #
#                    D:\Project\STM8S_StdPeriph_Lib_V2.1.0\Project\STM8S_StdP #
#                    eriph_Template\EWSTM8\STM8S208\Obj\stm8s_flash.o         #
#                    D:\Project\STM8S_StdPeriph_Lib_V2.1.0\Project\STM8S_StdP #
#                    eriph_Template\EWSTM8\STM8S208\Obj\stm8s_gpio.o          #
#                    D:\Project\STM8S_StdPeriph_Lib_V2.1.0\Project\STM8S_StdP #
#                    eriph_Template\EWSTM8\STM8S208\Obj\stm8s_i2c.o           #
#                    D:\Project\STM8S_StdPeriph_Lib_V2.1.0\Project\STM8S_StdP #
#                    eriph_Template\EWSTM8\STM8S208\Obj\stm8s_it.o            #
#                    D:\Project\STM8S_StdPeriph_Lib_V2.1.0\Project\STM8S_StdP #
#                    eriph_Template\EWSTM8\STM8S208\Obj\stm8s_itc.o           #
#                    D:\Project\STM8S_StdPeriph_Lib_V2.1.0\Project\STM8S_StdP #
#                    eriph_Template\EWSTM8\STM8S208\Obj\stm8s_iwdg.o          #
#                    D:\Project\STM8S_StdPeriph_Lib_V2.1.0\Project\STM8S_StdP #
#                    eriph_Template\EWSTM8\STM8S208\Obj\stm8s_rst.o           #
#                    D:\Project\STM8S_StdPeriph_Lib_V2.1.0\Project\STM8S_StdP #
#                    eriph_Template\EWSTM8\STM8S208\Obj\stm8s_spi.o           #
#                    D:\Project\STM8S_StdPeriph_Lib_V2.1.0\Project\STM8S_StdP #
#                    eriph_Template\EWSTM8\STM8S208\Obj\stm8s_tim1.o          #
#                    D:\Project\STM8S_StdPeriph_Lib_V2.1.0\Project\STM8S_StdP #
#                    eriph_Template\EWSTM8\STM8S208\Obj\stm8s_tim2.o          #
#                    D:\Project\STM8S_StdPeriph_Lib_V2.1.0\Project\STM8S_StdP #
#                    eriph_Template\EWSTM8\STM8S208\Obj\stm8s_tim4.o          #
#                    D:\Project\STM8S_StdPeriph_Lib_V2.1.0\Project\STM8S_StdP #
#                    eriph_Template\EWSTM8\STM8S208\Obj\stm8s_uart1.o         #
#                    D:\Project\STM8S_StdPeriph_Lib_V2.1.0\Project\STM8S_StdP #
#                    eriph_Template\EWSTM8\STM8S208\Obj\stm8s_wwdg.o          #
#                    --redirect _Printf=_PrintfSmall --redirect               #
#                    _Scanf=_ScanfSmall -o D:\Project\STM8S_StdPeriph_Lib_V2. #
#                    1.0\Project\STM8S_StdPeriph_Template\EWSTM8\STM8S208\Exe #
#                    \Project.out --map D:\Project\STM8S_StdPeriph_Lib_V2.1.0 #
#                    \Project\STM8S_StdPeriph_Template\EWSTM8\STM8S208\List\P #
#                    roject.map --config "C:\Program Files\IAR                #
#                    Systems\Embedded Workbench 6.0\stm8\config\lnkstm8s003f3 #
#                    .icf" --config_def _CSTACK_SIZE=0x100 --config_def       #
#                    _HEAP_SIZE=0x100 --entry __iar_program_start --debug_lib #
#                                                                             #
#                                                                             #
###############################################################################

*******************************************************************************
*** RUNTIME MODEL ATTRIBUTES
***

__SystemLibrary            = DLib
__code_model               = medium_or_large
__core                     = stm8
__data_model               = medium
__dlib_file_descriptor     = 0
__dlib_full_locale_support = 0
__rt_version               = 4


*******************************************************************************
*** PLACEMENT SUMMARY
***

"A1":  place at start of [0x000000-0x0000ff] { rw section .vregs };
"A2":  place at end of [0x000000-0x0003ff] { block CSTACK };
"P2":  place in [from 0x000000 to 0x0003ff] {
          block HEAP, rw section .far.bss, rw section .far.data,
          rw section .far.noinit, rw section .far_func.textrw,
          rw section .huge.bss, rw section .huge.data, rw section .huge.noinit,
          rw section .huge_func.textrw, rw section .iar.dynexit,
          rw section .near.bss, rw section .near.data, rw section .near.noinit,
          rw section .near_func.textrw };
"A3":  place at start of [0x008000-0x009fff] { block INTVEC };
"P3":  place in [from 0x008000 to 0x009fff] {
          ro section .far.data_init, ro section .far_func.textrw_init,
          ro section .huge.data_init, ro section .huge_func.textrw_init,
          ro section .iar.init_table, ro section .init_array,
          ro section .near.data_init, ro section .near.rodata,
          ro section .near_func.text, ro section .near_func.textrw_init,
          ro section .tiny.data_init, ro section .tiny.rodata_init };
"P4":  place in [from 0x008000 to 0x009fff] {
          ro section .far.rodata, ro section .far_func.text };

  Section            Kind      Address    Size  Object
  -------            ----      -------    ----  ------
"A1":                                     0x10
  .vregs             uninit   0x000000    0x10  vregs.o [4]
                            - 0x000010    0x10

"P2", part 1 of 2:                        0x1c
  P2 s0                       0x000010    0x1c  <Init block>
    .near.data       inited   0x000010    0x12  main.o [1]
    .near.data       inited   0x000022     0xa  main.o [1]
                            - 0x00002c    0x1c

"P2", part 2 of 2:                        0x8a
  .near.bss          zero     0x00002c    0x6b  stm8s_it.o [1]
  .near.bss          zero     0x000097     0xc  main.o [1]
  .near.bss          zero     0x0000a3     0x4  main.o [1]
  .near.bss          zero     0x0000a7     0x4  stm8s_it.o [1]
  .near.bss          zero     0x0000ab     0x4  stm8s_it.o [1]
  .near.bss          zero     0x0000af     0x3  strtok.o [4]
  .near.bss          zero     0x0000b2     0x2  strtok.o [4]
  .near.bss          zero     0x0000b4     0x1  main.o [1]
  .near.bss          zero     0x0000b5     0x1  stm8s_it.o [1]
                            - 0x0000b6    0x8a

"A2":                                    0x100
  CSTACK                      0x000300   0x100  <Block>
    CSTACK           uninit   0x000300   0x100  <Block tail>
                            - 0x000400   0x100

"A3":                                     0x80
  INTVEC                      0x008000    0x80  <Block>
    .intvec          const    0x008000    0x80  interrupt.o [4]
                            - 0x008080    0x80

"P3":                                    0x39f
  .near.rodata       const    0x008080    0x59  stm8s_uart1.o [1]
  .near.rodata       const    0x0080d9    0x58  stm8s_gpio.o [1]
  .near.rodata       const    0x008131    0x58  stm8s_tim4.o [1]
  .near.rodata       const    0x008189    0x57  stm8s_clk.o [1]
  .near.rodata       const    0x0081e0    0x54  main.o [1]
  .iar.init_table    const    0x008234    0x14  - Linker created -
  .near.rodata       const    0x008248    0x20  main.o [1]
  .near.rodata       const    0x008268    0x20  main.o [1]
  .near.rodata       const    0x008288    0x1e  main.o [1]
  .near.rodata       const    0x0082a6    0x1a  main.o [1]
  .near.rodata       const    0x0082c0    0x19  main.o [1]
  .near.rodata       const    0x0082d9    0x17  main.o [1]
  .near.rodata       const    0x0082f0    0x14  main.o [1]
  .near.rodata       const    0x008304    0x12  main.o [1]
  .near.rodata       const    0x008316    0x10  main.o [1]
  .near.rodata       const    0x008326     0xf  main.o [1]
  .near.rodata       const    0x008335     0xf  main.o [1]
  .near.rodata       const    0x008344     0xd  main.o [1]
  .near.rodata       const    0x008351     0xd  main.o [1]
  .near.rodata       const    0x00835e     0xd  main.o [1]
  .near.rodata       const    0x00836b     0xd  main.o [1]
  .near.rodata       const    0x008378     0xc  main.o [1]
  .near.rodata       const    0x008384     0xc  main.o [1]
  .near.rodata       const    0x008390     0xb  main.o [1]
  .near.rodata       const    0x00839b     0xb  main.o [1]
  .near.rodata       const    0x0083a6     0xa  main.o [1]
  .near.rodata       const    0x0083b0     0x9  main.o [1]
  .near.rodata       const    0x0083b9     0x8  main.o [1]
  .near.rodata       const    0x0083c1     0x7  main.o [1]
  .near.rodata       const    0x0083c8     0x7  main.o [1]
  .near.rodata       const    0x0083cf     0x7  xprintfsmall.o [4]
  .near.rodata       const    0x0083d6     0x6  main.o [1]
  .near.rodata       const    0x0083dc     0x6  main.o [1]
  .near.rodata       const    0x0083e2     0x5  main.o [1]
  .near.rodata       const    0x0083e7     0x5  main.o [1]
  .near.rodata       const    0x0083ec     0x4  main.o [1]
  .near.rodata       const    0x0083f0     0x4  main.o [1]
  .near.rodata       const    0x0083f4     0x4  stm8s_clk.o [1]
  .near.rodata       const    0x0083f8     0x3  main.o [1]
  .near.rodata       const    0x0083fb     0x3  main.o [1]
  .near.rodata       const    0x0083fe     0x3  main.o [1]
  .near.rodata       const    0x008401     0x2  main.o [1]
  Initializer bytes  ro data  0x008403    0x1c  <for P2 s0>
                            - 0x00841f   0x39f

"P4":                                   0x1aa2
  .far_func.text     ro code  0x00841f   0x3e1  main.o [1]
  .far_func.text     ro code  0x008800   0x3c2  xprintfsmall.o [4]
  .far_func.text     ro code  0x008bc2   0x251  stm8s_uart1.o [1]
  .far_func.text     ro code  0x008e13   0x1ad  long.o [4]
  .far_func.text     ro code  0x008fc0   0x17f  xprintfsmall.o [4]
  .far_func.text     ro code  0x00913f   0x145  vreg_util.o [4]
  .far_func.text     ro code  0x009284   0x119  stm8s_gpio.o [1]
  .far_func.text     ro code  0x00939d    0xda  stm8s_uart1.o [1]
  .far_func.text     ro code  0x009477    0xae  main.o [1]
  .far_func.text     ro code  0x009525    0xa9  stm8s_it.o [1]
  .far_func.text     ro code  0x0095ce    0xa6  stm8s_uart1.o [1]
  .far_func.text     ro code  0x009674    0x70  main.o [1]
  .far_func.text     ro code  0x0096e4    0x69  strtok.o [4]
  .far_func.text     ro code  0x00974d    0x5e  stm8s_clk.o [1]
  .far_func.text     ro code  0x0097ab    0x5d  stm8s_it.o [1]
  .far_func.text     ro code  0x009808    0x58  dc_util.o [4]
  .far_func.text     ro code  0x009860    0x55  stm8s_tim4.o [1]
  .far_func.text     ro code  0x0098b5    0x54  stm8s_tim4.o [1]
  .far_func.text     ro code  0x009909    0x47  xprintfsmall.o [4]
  .far_func.text     ro code  0x009950    0x45  sprintf.o [4]
  .far_func.text     ro code  0x009995    0x3e  stm8s_clk.o [1]
  .far_func.text     ro code  0x0099d3    0x3e  long_util.o [4]
  .far_func.text     ro code  0x009a11    0x3e  strstr.o [4]
  .far_func.text     ro code  0x009a4f    0x3a  stm8s_uart1.o [1]
  .far_func.text     ro code  0x009a89    0x39  xprintfsmall.o [4]
  .far_func.text     ro code  0x009ac2    0x35  xprintfsmall.o [4]
  .far_func.text     ro code  0x009af7    0x35  xprintfsmall.o [4]
  .far_func.text     ro code  0x009b2c    0x34  far_util.o [4]
  .far_func.text     ro code  0x009b60    0x30  stm8s_tim4.o [1]
  .far_func.text     ro code  0x009b90    0x2d  stm8s_uart1.o [1]
  .far_func.text     ro code  0x009bbd    0x28  printf.o [4]
  .far_func.text     ro code  0x009be5    0x28  init_small.o [4]
  .far_func.text     ro code  0x009c0d    0x26  short.o [4]
  .far_func.text     ro code  0x009c33    0x26  strcspn.o [4]
  .far_func.text     ro code  0x009c59    0x26  strspn.o [4]
  .far_func.text     ro code  0x009c7f    0x25  stm8s_tim4.o [1]
  .far_func.text     ro code  0x009ca4    0x25  stm8s_tim4.o [1]
  .far_func.text     ro code  0x009cc9    0x21  main.o [1]
  .far_func.text     ro code  0x009cea    0x1e  init.o [4]
  .far_func.text     ro code  0x009d08    0x1e  init_small.o [4]
  .far_func.text     ro code  0x009d26    0x1d  main.o [1]
  .far_func.text     ro code  0x009d43    0x1d  xprout.o [4]
  .far_func.text     ro code  0x009d60    0x1c  main.o [1]
  .far_func.text     ro code  0x009d7c    0x1a  xprintfsmall.o [4]
  .far_func.text     ro code  0x009d96    0x17  cstartup.o [4]
  .far_func.text     ro code  0x009dad    0x16  __dbg_xxexit.o [3]
  .far_func.text     ro code  0x009dc3    0x15  strstr.o [4]
  .far_func.text     ro code  0x009dd8    0x15  memset.o [4]
  .far_func.text     ro code  0x009ded    0x15  memchr.o [4]
  .far_func.text     ro code  0x009e02    0x12  strcpy.o [4]
  .far_func.text     ro code  0x009e14    0x12  strlen.o [4]
  .far_func.text     ro code  0x009e26    0x10  xprintfsmall.o [4]
  .far_func.text     ro code  0x009e36     0xe  xsprout.o [4]
  .far_func.text     ro code  0x009e44     0xd  move.o [4]
  .far_func.text     ro code  0x009e51     0xc  xprintfsmall.o [4]
  .far_func.text     ro code  0x009e5d     0xa  far.o [4]
  .far_func.text     ro code  0x009e67     0x9  xprintfsmall.o [4]
  .far_func.text     ro code  0x009e70     0x7  main.o [1]
  .far_func.text     ro code  0x009e77     0x6  xprintfsmall.o [4]
  .far_func.text     ro code  0x009e7d     0x6  cexit.o [4]
  .far_func.text     ro code  0x009e83     0x5  main.o [1]
  .far_func.text     ro code  0x009e88     0x4  main.o [1]
  .far_func.text     ro code  0x009e8c     0x4  stm8s_gpio.o [1]
  .far_func.text     ro code  0x009e90     0x4  stm8s_uart1.o [1]
  .far_func.text     ro code  0x009e94     0x4  stm8s_uart1.o [1]
  .far_func.text     ro code  0x009e98     0x4  interrupt.o [4]
  .far_func.text     ro code  0x009e9c     0x4  exit.o [4]
  .far_func.text     ro code  0x009ea0     0x3  stm8s_gpio.o [1]
  .far_func.text     ro code  0x009ea3     0x3  stm8s_gpio.o [1]
  .far_func.text     ro code  0x009ea6     0x3  low_level_init.o [4]
  .far_func.text     ro code  0x009ea9     0x3  unhandled_exception.o [4]
  .far_func.text     ro code  0x009eac     0x2  main.o [1]
  .far_func.text     ro code  0x009eae     0x1  stm8s_it.o [1]
  .far_func.text     ro code  0x009eaf     0x1  stm8s_it.o [1]
  .far_func.text     ro code  0x009eb0     0x1  stm8s_it.o [1]
  .far_func.text     ro code  0x009eb1     0x1  stm8s_it.o [1]
  .far_func.text     ro code  0x009eb2     0x1  stm8s_it.o [1]
  .far_func.text     ro code  0x009eb3     0x1  stm8s_it.o [1]
  .far_func.text     ro code  0x009eb4     0x1  stm8s_it.o [1]
  .far_func.text     ro code  0x009eb5     0x1  stm8s_it.o [1]
  .far_func.text     ro code  0x009eb6     0x1  stm8s_it.o [1]
  .far_func.text     ro code  0x009eb7     0x1  stm8s_it.o [1]
  .far_func.text     ro code  0x009eb8     0x1  stm8s_it.o [1]
  .far_func.text     ro code  0x009eb9     0x1  stm8s_it.o [1]
  .far_func.text     ro code  0x009eba     0x1  stm8s_it.o [1]
  .far_func.text     ro code  0x009ebb     0x1  stm8s_it.o [1]
  .far_func.text     ro code  0x009ebc     0x1  stm8s_it.o [1]
  .far_func.text     ro code  0x009ebd     0x1  stm8s_it.o [1]
  .far_func.text     ro code  0x009ebe     0x1  stm8s_it.o [1]
  .far_func.text     ro code  0x009ebf     0x1  stm8s_it.o [1]
  .far_func.text     ro code  0x009ec0     0x1  __dbg_break.o [3]
                            - 0x009ec1  0x1aa2


*******************************************************************************
*** INIT TABLE
***

          Address   Size
          -------   ----
Zero (__iar_zero_init2)
    1 destination range, total size 0x8a:
          0x00002c  0x8a

Copy (__iar_copy_init2)
    1 source range, total size 0x1c:
          0x008403  0x1c
    1 destination range, total size 0x1c:
          0x000010  0x1c


*******************************************************************************
*** MODULE SUMMARY
***

    Module                 ro code  ro data  rw data
    ------                 -------  -------  -------
D:\Project\STM8S_StdPeriph_Lib_V2.1.0\Project\STM8S_StdPeriph_Template\EWSTM8\STM8S208\Obj: [1]
    main.o                   1 387      544       45
    stm8s_clk.o                156       91
    stm8s_gpio.o               291       88
    stm8s_it.o                 280               116
    stm8s_tim4.o               291       88
    stm8s_uart1.o            1 088       89
    ------------------------------------------------
    Total:                   3 493      900      161

command line: [2]
    ------------------------------------------------
    Total:

dbgstm8mmd.a: [3]
    __dbg_break.o                1
    __dbg_xxexit.o              22
    ------------------------------------------------
    Total:                      23

dlstm8mmn.a: [4]
    cexit.o                      6
    cstartup.o                  23
    dc_util.o                   88
    exit.o                       4
    far.o                       10
    far_util.o                  52
    init.o                      30
    init_small.o                70
    interrupt.o                  4      128
    long.o                     429
    long_util.o                 62
    low_level_init.o             3
    memchr.o                    21
    memset.o                    21
    move.o                      13
    printf.o                    40
    short.o                     38
    sprintf.o                   69
    strcpy.o                    18
    strcspn.o                   38
    strlen.o                    18
    strspn.o                    38
    strstr.o                    83
    strtok.o                   105                 5
    unhandled_exception.o        3
    vreg_util.o                325
    vregs.o                                       16
    xprintfsmall.o           1 648        7
    xprout.o                    29
    xsprout.o                   14
    ------------------------------------------------
    Total:                   3 302      135       21

    Linker created                       20      256
----------------------------------------------------
    Grand Total:             6 818    1 055      438


*******************************************************************************
*** ENTRY LIST
***

Entry                    Address   Size  Type      Object
-----                    -------   ----  ----      ------
?add32_l0_l0_0x         0x008e39         Code  Gb  long.o [4]
?add32_l0_l0_l1         0x008e36         Code  Gb  long.o [4]
?and32_l0_l0_0x         0x008f7f         Code  Gb  long.o [4]
?and32_l0_l0_l1         0x008f7c         Code  Gb  long.o [4]
?b0                     0x000000         Data  Gb  vregs.o [4]
?b1                     0x000001         Data  Gb  vregs.o [4]
?b10                    0x00000a         Data  Gb  vregs.o [4]
?b11                    0x00000b         Data  Gb  vregs.o [4]
?b12                    0x00000c         Data  Gb  vregs.o [4]
?b13                    0x00000d         Data  Gb  vregs.o [4]
?b14                    0x00000e         Data  Gb  vregs.o [4]
?b15                    0x00000f         Data  Gb  vregs.o [4]
?b2                     0x000002         Data  Gb  vregs.o [4]
?b3                     0x000003         Data  Gb  vregs.o [4]
?b4                     0x000004         Data  Gb  vregs.o [4]
?b5                     0x000005         Data  Gb  vregs.o [4]
?b6                     0x000006         Data  Gb  vregs.o [4]
?b7                     0x000007         Data  Gb  vregs.o [4]
?b8                     0x000008         Data  Gb  vregs.o [4]
?b9                     0x000009         Data  Gb  vregs.o [4]
?dc32_l0                0x009808         Code  Gb  dc_util.o [4]
?dc32_l1                0x009834         Code  Gb  dc_util.o [4]
?e0                     0x000001         Data  Gb  vregs.o [4]
?e1                     0x000005         Data  Gb  vregs.o [4]
?e2                     0x000009         Data  Gb  vregs.o [4]
?e3                     0x00000d         Data  Gb  vregs.o [4]
?epilogue_l2            0x009201         Code  Gb  vreg_util.o [4]
?epilogue_l2_l3         0x0091fd         Code  Gb  vreg_util.o [4]
?epilogue_l2_w6         0x009206         Code  Gb  vreg_util.o [4]
?epilogue_w4            0x00920f         Code  Gb  vreg_util.o [4]
?inc32_0x_0x            0x008e28         Code  Gb  long.o [4]
?inc32_l0_l0            0x008e23         Code  Gb  long.o [4]
?l0                     0x000000         Data  Gb  vregs.o [4]
?l1                     0x000004         Data  Gb  vregs.o [4]
?l2                     0x000008         Data  Gb  vregs.o [4]
?l3                     0x00000c         Data  Gb  vregs.o [4]
?load24_0x_e0           0x009b52         Code  Gb  far_util.o [4]
?load24_e0_0x           0x009b2c         Code  Gb  far_util.o [4]
?load24_e1_0x           0x009b3a         Code  Gb  far_util.o [4]
?load24_xsp_e0          0x009b48         Code  Gb  far_util.o [4]
?load32_0x_l0           0x009a03         Code  Gb  long_util.o [4]
?load32_l0_0x           0x0099ed         Code  Gb  long_util.o [4]
?load32_l0_asp          0x0099e1         Code  Gb  long_util.o [4]
?load32_l0_dbsp         0x0099d3         Code  Gb  long_util.o [4]
?load32_l0_xsp          0x0099e3         Code  Gb  long_util.o [4]
?load32_xsp_l0          0x0099f9         Code  Gb  long_util.o [4]
?mov_e0_e2              0x00922c         Code  Gb  vreg_util.o [4]
?mov_e0_e3              0x009239         Code  Gb  vreg_util.o [4]
?mov_e1_e0              0x009246         Code  Gb  vreg_util.o [4]
?mov_e1_e2              0x009253         Code  Gb  vreg_util.o [4]
?mov_e1_e3              0x009260         Code  Gb  vreg_util.o [4]
?mov_e2_e0              0x00926d         Code  Gb  vreg_util.o [4]
?mov_e3_e0              0x00927a         Code  Gb  vreg_util.o [4]
?mov_l0_l2              0x009229         Code  Gb  vreg_util.o [4]
?mov_l0_l3              0x009236         Code  Gb  vreg_util.o [4]
?mov_l1_l0              0x009243         Code  Gb  vreg_util.o [4]
?mov_l1_l2              0x009250         Code  Gb  vreg_util.o [4]
?mov_l1_l3              0x00925d         Code  Gb  vreg_util.o [4]
?mov_l2_l0              0x00926a         Code  Gb  vreg_util.o [4]
?mov_l3_l0              0x009277         Code  Gb  vreg_util.o [4]
?mov_w1_w5              0x00922f         Code  Gb  vreg_util.o [4]
?mov_w1_w7              0x00923c         Code  Gb  vreg_util.o [4]
?mov_w2_w0              0x009214         Code  Gb  vreg_util.o [4]
?mov_w3_w1              0x009249         Code  Gb  vreg_util.o [4]
?mov_w3_w5              0x009256         Code  Gb  vreg_util.o [4]
?mov_w3_w7              0x009263         Code  Gb  vreg_util.o [4]
?mov_w4_w0              0x00921b         Code  Gb  vreg_util.o [4]
?mov_w5_w1              0x009270         Code  Gb  vreg_util.o [4]
?mov_w5_w2              0x009222         Code  Gb  vreg_util.o [4]
?mov_w7_w1              0x00927d         Code  Gb  vreg_util.o [4]
?move1616_v_x_y_a       0x009e44         Code  Gb  move.o [4]
?mul16_x_x_w0           0x009c0d         Code  Gb  short.o [4]
?mul32_l0_l0_l1         0x008e6c         Code  Gb  long.o [4]
?neg32_l0_l0            0x008e13         Code  Gb  long.o [4]
?pop_l0                 0x0091c5         Code  Gb  vreg_util.o [4]
?pop_l1                 0x0091d0         Code  Gb  vreg_util.o [4]
?pop_l2                 0x0091db         Code  Gb  vreg_util.o [4]
?pop_l3                 0x0091e6         Code  Gb  vreg_util.o [4]
?pop_w4                 0x00916f         Code  Gb  vreg_util.o [4]
?pop_w6                 0x009176         Code  Gb  vreg_util.o [4]
?pop_w7                 0x00917d         Code  Gb  vreg_util.o [4]
?push_l0                0x009190         Code  Gb  vreg_util.o [4]
?push_l1                0x009195         Code  Gb  vreg_util.o [4]
?push_l2                0x00919a         Code  Gb  vreg_util.o [4]
?push_l3                0x00919f         Code  Gb  vreg_util.o [4]
?push_w0                0x00913f         Code  Gb  vreg_util.o [4]
?push_w4                0x009144         Code  Gb  vreg_util.o [4]
?push_w5                0x009149         Code  Gb  vreg_util.o [4]
?push_w6                0x00914e         Code  Gb  vreg_util.o [4]
?push_w7                0x009153         Code  Gb  vreg_util.o [4]
?sext32_l0_a            0x008fb3         Code  Gb  long.o [4]
?sext32_l0_x            0x008fa8         Code  Gb  long.o [4]
?sll16_x_x_a            0x009c2b         Code  Gb  short.o [4]
?sll32_0x_0x_a          0x008f9a         Code  Gb  long.o [4]
?sll32_l0_l0_a          0x008f97         Code  Gb  long.o [4]
?sub32_l0_l0_0x         0x008e54         Code  Gb  long.o [4]
?sub32_l0_l0_l1         0x008e51         Code  Gb  long.o [4]
?ucmp24_c_0x_e0         0x009e5d         Code  Gb  far.o [4]
?ucmp32_c_l0_0x         0x008f61         Code  Gb  long.o [4]
?ucmp32_c_l0_l1         0x008f71         Code  Gb  long.o [4]
?udiv32_l0_dl_l1        0x008eea         Code  Gb  long.o [4]
?udiv32_l0_l0_dl        0x008ef0         Code  Gb  long.o [4]
?udiv32_l0_l0_l1        0x008ef4         Code  Gb  long.o [4]
?umod32_l1_l0_l1        0x008ef4         Code  Gb  long.o [4]
?w0                     0x000000         Data  Gb  vregs.o [4]
?w1                     0x000002         Data  Gb  vregs.o [4]
?w2                     0x000004         Data  Gb  vregs.o [4]
?w3                     0x000006         Data  Gb  vregs.o [4]
?w4                     0x000008         Data  Gb  vregs.o [4]
?w5                     0x00000a         Data  Gb  vregs.o [4]
?w6                     0x00000c         Data  Gb  vregs.o [4]
?w7                     0x00000e         Data  Gb  vregs.o [4]
ADC1_IRQHandler         0x009ebe    0x1  Code  Gb  stm8s_it.o [1]
AWU_IRQHandler          0x009eb0    0x1  Code  Gb  stm8s_it.o [1]
CLK_Config              0x009e83    0x5  Code  Lc  main.o [1]
CLK_GetClockFreq        0x00974d   0x5e  Code  Gb  stm8s_clk.o [1]
CLK_HSIPrescalerConfig  0x009995   0x3e  Code  Gb  stm8s_clk.o [1]
CLK_IRQHandler          0x009eb1    0x1  Code  Gb  stm8s_it.o [1]
CSTACK$$Base            0x000300          --   Gb  - Linker created -
CSTACK$$Limit           0x000400          --   Gb  - Linker created -
Config_GPRS_SIM908      0x008643   0x10  Code  Gb  main.o [1]
EEPROM_EEC_IRQHandler   0x009ebf    0x1  Code  Gb  stm8s_it.o [1]
EXTI_PORTA_IRQHandler   0x009eb2    0x1  Code  Gb  stm8s_it.o [1]
EXTI_PORTB_IRQHandler   0x009eb3    0x1  Code  Gb  stm8s_it.o [1]
EXTI_PORTC_IRQHandler   0x009eb4    0x1  Code  Gb  stm8s_it.o [1]
EXTI_PORTD_IRQHandler   0x009eb5    0x1  Code  Gb  stm8s_it.o [1]
EXTI_PORTE_IRQHandler   0x009eb6    0x1  Code  Gb  stm8s_it.o [1]
GPIO_Init               0x009284  0x119  Code  Gb  stm8s_gpio.o [1]
GPIO_WriteHigh          0x009ea0    0x3  Code  Gb  stm8s_gpio.o [1]
GPIO_WriteLow           0x009e8c    0x4  Code  Gb  stm8s_gpio.o [1]
GPIO_WriteReverse       0x009ea3    0x3  Code  Gb  stm8s_gpio.o [1]
GetCmdDataSIM           0x008585   0x4f  Code  Gb  main.o [1]
GetResponse             0x009674   0x70  Code  Gb  main.o [1]
HSIDivFactor            0x0083f4    0x4  Data  Gb  stm8s_clk.o [1]
HTTP_Send               0x008463   0x5f  Code  Gb  main.o [1]
HTTP_Terminate          0x008547   0x10  Code  Gb  main.o [1]
HTTP_init               0x008557   0x2e  Code  Gb  main.o [1]
I2C_IRQHandler          0x009ebd    0x1  Code  Gb  stm8s_it.o [1]
IMEI_DEVICE             0x000022    0xa  Data  Gb  main.o [1]
INTVEC$$Base            0x008000          --   Gb  - Linker created -
INTVEC$$Limit           0x008080          --   Gb  - Linker created -
IP_ADDRESS_SERVER       0x000010   0x12  Data  Gb  main.o [1]
LoadInt                 0x009909   0x47  Code  Lc  xprintfsmall.o [4]
Region$$Table$$Base     0x008234          --   Gb  - Linker created -
Region$$Table$$Limit    0x008248          --   Gb  - Linker created -
SPI_IRQHandler          0x009eb7    0x1  Code  Gb  stm8s_it.o [1]
TIM1_CAP_COM_IRQHandler
                        0x009eb9    0x1  Code  Gb  stm8s_it.o [1]
TIM1_UPD_OVF_TRG_BRK_IRQHandler
                        0x009eb8    0x1  Code  Gb  stm8s_it.o [1]
TIM2_CAP_COM_IRQHandler
                        0x009ebb    0x1  Code  Gb  stm8s_it.o [1]
TIM2_UPD_OVF_BRK_IRQHandler
                        0x009eba    0x1  Code  Gb  stm8s_it.o [1]
TIM4_ClearFlag          0x009c7f   0x25  Code  Gb  stm8s_tim4.o [1]
TIM4_ClearITPendingBit  0x009ca4   0x25  Code  Gb  stm8s_tim4.o [1]
TIM4_Cmd                0x009b60   0x30  Code  Gb  stm8s_tim4.o [1]
TIM4_Config             0x009cc9   0x21  Code  Lc  main.o [1]
TIM4_ITConfig           0x009860   0x55  Code  Gb  stm8s_tim4.o [1]
TIM4_TimeBaseInit       0x0098b5   0x54  Code  Gb  stm8s_tim4.o [1]
TIM4_UPD_OVF_IRQHandler
                        0x009525   0xa9  Code  Gb  stm8s_it.o [1]
TLI_IRQHandler          0x009eaf    0x1  Code  Gb  stm8s_it.o [1]
TRAP_IRQHandler         0x009eae    0x1  Code  Gb  stm8s_it.o [1]
UART1_ClearFlag         0x009a4f   0x3a  Code  Gb  stm8s_uart1.o [1]
UART1_DeInit            0x009b90   0x2d  Code  Gb  stm8s_uart1.o [1]
UART1_GetFlagStatus     0x0095ce   0xa6  Code  Gb  stm8s_uart1.o [1]
UART1_ITConfig          0x00939d   0xda  Code  Gb  stm8s_uart1.o [1]
UART1_Init              0x008bc2  0x251  Code  Gb  stm8s_uart1.o [1]
UART1_RX_IRQHandler     0x0097ab   0x5d  Code  Gb  stm8s_it.o [1]
UART1_ReceiveData8      0x009e90    0x4  Code  Gb  stm8s_uart1.o [1]
UART1_SendData8         0x009e94    0x4  Code  Gb  stm8s_uart1.o [1]
UART1_TX_IRQHandler     0x009ebc    0x1  Code  Gb  stm8s_it.o [1]
_LitobSmall             0x008fc0  0x17f  Code  Lc  xprintfsmall.o [4]
_PrintfSmall            0x008800  0x3c2  Code  Gb  xprintfsmall.o [4]
_Prout                  0x009d43   0x1d  Code  Gb  xprout.o [4]
_PutcharSmall           0x009a89   0x39  Code  Lc  xprintfsmall.o [4]
_PutcharsSmall          0x009af7   0x35  Code  Lc  xprintfsmall.o [4]
_SProut                 0x009e36    0xe  Code  Gb  xsprout.o [4]
_Strtok_ssave           0x0000b2    0x2  Data  Lc  strtok.o [4]
__DebugBreak            0x009ec0    0x1  Code  Gb  __dbg_break.o [3]
__exit                  0x009dad   0x16  Code  Gb  __dbg_xxexit.o [3]
__iar_Memchr            0x009ded   0x15  Code  Gb  memchr.o [4]
__iar_Strchr            0x009dc3   0x15  Code  Gb  strstr.o [4]
__iar_Strstr            0x009a11   0x3e  Code  Gb  strstr.o [4]
__iar_Tls_setup__Strtok_ssave
                        0x0000af    0x3  Data  Lc  strtok.o [4]
__iar_copy_init2        0x009be5         Code  Gb  init_small.o [4]
__iar_data_init2        0x009cea   0x1e  Code  Gb  init.o [4]
__iar_program_start     0x009d96         Code  Gb  cstartup.o [4]
__iar_unhandled_exception
                        0x009ea9         Code  Gb  unhandled_exception.o [4]
__iar_zero_init2        0x009d08         Code  Gb  init_small.o [4]
__intvec                0x008000         Data  Gb  interrupt.o [4]
__low_level_init        0x009ea6    0x3  Code  Gb  low_level_init.o [4]
_exit                   0x009e7d         Code  Gb  cexit.o [4]
_interrupt_1            0x009eae         Code  Gb  stm8s_it.o [1]
_interrupt_10           0x009e98         Code  Wk  interrupt.o [4]
_interrupt_11           0x009e98         Code  Wk  interrupt.o [4]
_interrupt_12           0x009eb7         Code  Gb  stm8s_it.o [1]
_interrupt_13           0x009eb8         Code  Gb  stm8s_it.o [1]
_interrupt_14           0x009eb9         Code  Gb  stm8s_it.o [1]
_interrupt_15           0x009eba         Code  Gb  stm8s_it.o [1]
_interrupt_16           0x009ebb         Code  Gb  stm8s_it.o [1]
_interrupt_17           0x009e98         Code  Wk  interrupt.o [4]
_interrupt_18           0x009e98         Code  Wk  interrupt.o [4]
_interrupt_19           0x009ebc         Code  Gb  stm8s_it.o [1]
_interrupt_2            0x009eaf         Code  Gb  stm8s_it.o [1]
_interrupt_20           0x0097ab         Code  Gb  stm8s_it.o [1]
_interrupt_21           0x009ebd         Code  Gb  stm8s_it.o [1]
_interrupt_22           0x009e98         Code  Wk  interrupt.o [4]
_interrupt_23           0x009e98         Code  Wk  interrupt.o [4]
_interrupt_24           0x009ebe         Code  Gb  stm8s_it.o [1]
_interrupt_25           0x009525         Code  Gb  stm8s_it.o [1]
_interrupt_26           0x009ebf         Code  Gb  stm8s_it.o [1]
_interrupt_27           0x009e98         Code  Wk  interrupt.o [4]
_interrupt_28           0x009e98         Code  Wk  interrupt.o [4]
_interrupt_29           0x009e98         Code  Wk  interrupt.o [4]
_interrupt_3            0x009eb0         Code  Gb  stm8s_it.o [1]
_interrupt_30           0x009e98         Code  Wk  interrupt.o [4]
_interrupt_31           0x009e98         Code  Wk  interrupt.o [4]
_interrupt_4            0x009eb1         Code  Gb  stm8s_it.o [1]
_interrupt_5            0x009eb2         Code  Gb  stm8s_it.o [1]
_interrupt_6            0x009eb3         Code  Gb  stm8s_it.o [1]
_interrupt_7            0x009eb4         Code  Gb  stm8s_it.o [1]
_interrupt_8            0x009eb5         Code  Gb  stm8s_it.o [1]
_interrupt_9            0x009eb6         Code  Gb  stm8s_it.o [1]
assert_failed           0x009eac    0x2  Code  Gb  main.o [1]
bat                     0x000097    0xc  Data  Gb  main.o [1]
delay                   0x009d60   0x1c  Code  Gb  main.o [1]
event_send_gprs         0x0000b4    0x1  Data  Gb  main.o [1]
exit                    0x009e9c    0x4  Code  Gb  exit.o [4]
getBatterry             0x0085d4   0x6f  Code  Gb  main.o [1]
get_GPS                 0x0084c2   0x3e  Code  Gb  main.o [1]
gps_fix                 0x0000b5    0x1  Data  Gb  stm8s_it.o [1]
main                    0x009477   0xae  Code  Gb  main.o [1]
memset                  0x009dd8   0x15  Code  Gb  memset.o [4]
millis                  0x009e70    0x7  Code  Gb  main.o [1]
pad                     0x009ac2   0x35  Code  Lc  xprintfsmall.o [4]
power_on                0x008653   0x74  Code  Gb  main.o [1]
printf                  0x009bbd   0x28  Code  Gb  printf.o [4]
putchar                 0x009d26   0x1d  Code  Gb  main.o [1]
sendATcommand           0x00841f   0x44  Code  Gb  main.o [1]
setup                   0x0086c7  0x139  Code  Gb  main.o [1]
sprintf                 0x009950   0x45  Code  Gb  sprintf.o [4]
start_GPS               0x008500   0x47  Code  Gb  main.o [1]
strcpy                  0x009e02   0x12  Code  Gb  strcpy.o [4]
strcspn                 0x009c33   0x26  Code  Gb  strcspn.o [4]
strlen                  0x009e14   0x12  Code  Gb  strlen.o [4]
strspn                  0x009c59   0x26  Code  Gb  strspn.o [4]
strstr                  0x009e88    0x4  Code  Gb  main.o [1]
strtok                  0x0096e4   0x69  Code  Gb  strtok.o [4]
system_tick             0x0000a3    0x4  Data  Gb  main.o [1]
time_led                0x0000ab    0x4  Data  Gb  stm8s_it.o [1]
timeout_uart            0x0000a7    0x4  Data  Gb  stm8s_it.o [1]
uart_data               0x00002c   0x6b  Data  Gb  stm8s_it.o [1]


[1] = D:\Project\STM8S_StdPeriph_Lib_V2.1.0\Project\STM8S_StdPeriph_Template\EWSTM8\STM8S208\Obj
[2] = command line
[3] = dbgstm8mmd.a
[4] = dlstm8mmn.a

  6 818 bytes of readonly  code memory
  1 055 bytes of readonly  data memory
    438 bytes of readwrite data memory

Errors: none
Warnings: none
